REV00: Sun Jun 24 06:25:20 WIB 2018
START: Sun Jun 24 06:25:20 WIB 2018

Script started on Sun 24 Jun 2018 06:26:56 AM WIB

# #####################################
$ tar xztf fuse-tutorial-2018-02-04.tgz
fuse-tutorial-2018-02-04/
fuse-tutorial-2018-02-04/autogen.sh
fuse-tutorial-2018-02-04/NEWS
fuse-tutorial-2018-02-04/Makefile.in
fuse-tutorial-2018-02-04/INSTALL
fuse-tutorial-2018-02-04/aclocal.m4
fuse-tutorial-2018-02-04/README
fuse-tutorial-2018-02-04/AUTHORS
fuse-tutorial-2018-02-04/src/
fuse-tutorial-2018-02-04/src/Makefile.am
fuse-tutorial-2018-02-04/src/log.c
fuse-tutorial-2018-02-04/src/config.h.in
fuse-tutorial-2018-02-04/src/params.h
fuse-tutorial-2018-02-04/src/log.h
fuse-tutorial-2018-02-04/src/bbfs.c
fuse-tutorial-2018-02-04/src/Makefile.in
fuse-tutorial-2018-02-04/example/
fuse-tutorial-2018-02-04/example/Makefile
fuse-tutorial-2018-02-04/compile
fuse-tutorial-2018-02-04/Makefile.am
fuse-tutorial-2018-02-04/configure.ac
fuse-tutorial-2018-02-04/configure
fuse-tutorial-2018-02-04/missing
fuse-tutorial-2018-02-04/depcomp
fuse-tutorial-2018-02-04/html/
fuse-tutorial-2018-02-04/html/Makefile.am
fuse-tutorial-2018-02-04/html/thanks.html
fuse-tutorial-2018-02-04/html/private.html
fuse-tutorial-2018-02-04/html/index.html
fuse-tutorial-2018-02-04/html/unclear.html
fuse-tutorial-2018-02-04/html/security.html
fuse-tutorial-2018-02-04/html/callbacks.html
fuse-tutorial-2018-02-04/html/Makefile.in
fuse-tutorial-2018-02-04/html/init.html
fuse-tutorial-2018-02-04/html/files.html
fuse-tutorial-2018-02-04/html/running.html
fuse-tutorial-2018-02-04/ChangeLog
fuse-tutorial-2018-02-04/index.html
fuse-tutorial-2018-02-04/COPYING
fuse-tutorial-2018-02-04/install-sh


# ###########################
$ cd fuse-tutorial-2018-02-04
$ ./configure 
checking for a BSD-compatible install... /usr/bin/install -c
checking whether build environment is sane... yes
checking for a thread-safe mkdir -p... /bin/mkdir -p
checking for gawk... gawk
checking whether make sets $(MAKE)... yes
checking whether make supports nested variables... yes
checking for gcc... gcc
checking whether the C compiler works... yes
checking for C compiler default output file name... a.out
checking for suffix of executables... 
checking whether we are cross compiling... no
checking for suffix of object files... o
checking whether we are using the GNU C compiler... yes
checking whether gcc accepts -g... yes
checking for gcc option to accept ISO C89... none needed
checking whether gcc understands -c and -o together... yes
checking for style of include used by make... GNU
checking dependency style of gcc... gcc3
checking how to run the C preprocessor... gcc -E
checking for grep that handles long lines and -e... /bin/grep
checking for egrep... /bin/grep -E
checking for ANSI C header files... yes
checking for sys/types.h... yes
checking for sys/stat.h... yes
checking for stdlib.h... yes
checking for string.h... yes
checking for memory.h... yes
checking for strings.h... yes
checking for inttypes.h... yes
checking for stdint.h... yes
checking for unistd.h... yes
checking fcntl.h usability... yes
checking fcntl.h presence... yes
checking for fcntl.h... yes
checking limits.h usability... yes
checking limits.h presence... yes
checking for limits.h... yes
checking for stdlib.h... (cached) yes
checking for string.h... (cached) yes
checking sys/statvfs.h usability... yes
checking sys/statvfs.h presence... yes
checking for sys/statvfs.h... yes
checking for unistd.h... (cached) yes
checking utime.h usability... yes
checking utime.h presence... yes
checking for utime.h... yes
checking sys/xattr.h usability... yes
checking sys/xattr.h presence... yes
checking for sys/xattr.h... yes
checking for pkg-config... /usr/bin/pkg-config
checking pkg-config is at least version 0.9.0... yes
checking for FUSE... yes
checking for uid_t in sys/types.h... yes
checking for mode_t... yes
checking for off_t... yes
checking for pid_t... yes
checking for size_t... yes
checking for struct stat.st_blksize... yes
checking for struct stat.st_blocks... yes
checking for struct stat.st_rdev... yes
checking for uint64_t... yes
checking for unistd.h... (cached) yes
checking for working chown... yes
checking whether lstat correctly handles trailing slash... yes
checking for stdlib.h... (cached) yes
checking for GNU libc compatible malloc... yes
checking for ftruncate... yes
checking for mkdir... yes
checking for mkfifo... yes
checking for realpath... yes
checking for rmdir... yes
checking for strerror... yes
checking for utime... yes
checking for fdatasync... yes
checking that generated files are newer than configure... done
configure: creating ./config.status
config.status: creating Makefile
config.status: creating html/Makefile
config.status: creating src/Makefile
config.status: creating src/config.h
config.status: executing depfiles commands

# ####
$ make
Making all in example
make[1]: Entering directory '/home/rms46/os181-1/demos/Week09/fuse-tutorial-2018-02-04/example'
mkdir -p mountdir
mkdir -p rootdir
echo "bogus file" > rootdir/bogus.txt
make[1]: Leaving directory '/home/rms46/os181-1/demos/Week09/fuse-tutorial-2018-02-04/example'
Making all in html
make[1]: Entering directory '/home/rms46/os181-1/demos/Week09/fuse-tutorial-2018-02-04/html'
make[1]: Nothing to be done for 'all'.
make[1]: Leaving directory '/home/rms46/os181-1/demos/Week09/fuse-tutorial-2018-02-04/html'
Making all in src
make[1]: Entering directory '/home/rms46/os181-1/demos/Week09/fuse-tutorial-2018-02-04/src'
make  all-am
make[2]: Entering directory '/home/rms46/os181-1/demos/Week09/fuse-tutorial-2018-02-04/src'
gcc -DHAVE_CONFIG_H -I.    -D_FILE_OFFSET_BITS=64 -I/usr/include/fuse -g -O2 -MT bbfs.o -MD -MP -MF .deps/bbfs.Tpo -c -o bbfs.o bbfs.c
mv -f .deps/bbfs.Tpo .deps/bbfs.Po
gcc -DHAVE_CONFIG_H -I.    -D_FILE_OFFSET_BITS=64 -I/usr/include/fuse -g -O2 -MT log.o -MD -MP -MF .deps/log.Tpo -c -o log.o log.c
mv -f .deps/log.Tpo .deps/log.Po
gcc -D_FILE_OFFSET_BITS=64 -I/usr/include/fuse -g -O2   -o bbfs bbfs.o log.o -lfuse -pthread 
make[2]: Leaving directory '/home/rms46/os181-1/demos/Week09/fuse-tutorial-2018-02-04/src'
make[1]: Leaving directory '/home/rms46/os181-1/demos/Week09/fuse-tutorial-2018-02-04/src'
make[1]: Entering directory '/home/rms46/os181-1/demos/Week09/fuse-tutorial-2018-02-04'
make[1]: Nothing to be done for 'all-am'.
make[1]: Leaving directory '/home/rms46/os181-1/demos/Week09/fuse-tutorial-2018-02-04'

# ###########
$ cd example/

# ##
$ df
Filesystem        1K-blocks    Used Available Use% Mounted on
/dev/ploop20537p1  41151712 1615328  37737636   5% /
none               98895716       0  98895716   0% /sys/fs/cgroup
none               98895716       0  98895716   0% /dev
tmpfs               1048576       0   1048576   0% /dev/shm
tmpfs               1048576    9344   1039232   1% /run
tmpfs                  5120       0      5120   0% /run/lock
none                1048576       0   1048576   0% /run/shm

# ##############################
$ ../src/bbfs rootdir/ mountdir/
Fuse library version 2.9
about to call fuse_main

# ##
$ df
Filesystem        1K-blocks    Used Available Use% Mounted on
/dev/ploop20537p1  41151712 1615332  37737632   5% /
none               98895716       0  98895716   0% /sys/fs/cgroup
none               98895716       0  98895716   0% /dev
tmpfs               1048576       0   1048576   0% /dev/shm
tmpfs               1048576    9344   1039232   1% /run
tmpfs                  5120       0      5120   0% /run/lock
none                1048576       0   1048576   0% /run/shm
bbfs               41151712 1615332  37737632   5% /home/rms46/os181-1/demos/Week09/fuse-tutorial-2018-02-04/example/mountdir

# ###############
$ ls -al rootdir/
total 12
drwxrwxr-x 2 rms46 rms46 4096 Jun 24 06:28 34m.
drwxr-xr-x 4 rms46 rms46 4096 Jun 24 06:29 34m..
-rw-rw-r-- 1 rms46 rms46   11 Jun 24 06:28 bogus.txt

# ################
$ ls -al mountdir/
total 12
drwxrwxr-x 2 rms46 rms46 4096 Jun 24 06:28 34m.
drwxr-xr-x 4 rms46 rms46 4096 Jun 24 06:29 34m..
-rw-rw-r-- 1 rms46 rms46   11 Jun 24 06:28 bogus.txt

# ######################
$ fusermount -u mountdir

# ################
$ ls -al mountdir/
total 8
drwxrwxr-x 2 rms46 rms46 4096 Jun 24 06:28 34m.
drwxr-xr-x 4 rms46 rms46 4096 Jun 24 06:29 34m..

# ##
$ df
Filesystem        1K-blocks    Used Available Use% Mounted on
/dev/ploop20537p1  41151712 1615340  37737624   5% /
none               98895716       0  98895716   0% /sys/fs/cgroup
none               98895716       0  98895716   0% /dev
tmpfs               1048576       0   1048576   0% /dev/shm
tmpfs               1048576    9344   1039232   1% /run
tmpfs                  5120       0      5120   0% /run/lock
none                1048576       0   1048576   0% /run/shm
$ exit
exit

Script done on Sun 24 Jun 2018 06:30:11 AM WIB

